{
  "net": 4,
  "ix": 4,
  "fac": 4,
  "netixlan": 3,
  "netfac": 3,
  "automated_nets": 3,
  "organizations": 7,
  "registered_users": 6
}
